###############################################################################
#                                                                             #
# IAR ELF Linker V1.40.1.50106 for STM8                 15/Nov/2015  10:58:08 #
# Copyright 2010-2013 IAR Systems AB.                                         #
#                                                                             #
#    Output file  =  E:\Projects\OfficeWork\sanjesh afzar                     #
#                    asia\accelerometter\I2C_With_stm8\Debug\Exe\laserTagMain #
#                    .out                                                     #
#    Map file     =  E:\Projects\OfficeWork\sanjesh afzar                     #
#                    asia\accelerometter\I2C_With_stm8\Debug\List\laserTagMai #
#                    n.map                                                    #
#    Command line =  "E:\Projects\OfficeWork\sanjesh afzar                    #
#                    asia\accelerometter\I2C_With_stm8\Debug\Obj\AT24C04.o"   #
#                    "E:\Projects\OfficeWork\sanjesh afzar                    #
#                    asia\accelerometter\I2C_With_stm8\Debug\Obj\Acceleromete #
#                    r.o" "E:\Projects\OfficeWork\sanjesh afzar               #
#                    asia\accelerometter\I2C_With_stm8\Debug\Obj\MRF24J40.o"  #
#                    "E:\Projects\OfficeWork\sanjesh afzar                    #
#                    asia\accelerometter\I2C_With_stm8\Debug\Obj\MyI2C.o"     #
#                    "E:\Projects\OfficeWork\sanjesh afzar                    #
#                    asia\accelerometter\I2C_With_stm8\Debug\Obj\delay.o"     #
#                    "E:\Projects\OfficeWork\sanjesh afzar                    #
#                    asia\accelerometter\I2C_With_stm8\Debug\Obj\key.o"       #
#                    "E:\Projects\OfficeWork\sanjesh afzar                    #
#                    asia\accelerometter\I2C_With_stm8\Debug\Obj\led.o"       #
#                    "E:\Projects\OfficeWork\sanjesh afzar                    #
#                    asia\accelerometter\I2C_With_stm8\Debug\Obj\main.o"      #
#                    "E:\Projects\OfficeWork\sanjesh afzar                    #
#                    asia\accelerometter\I2C_With_stm8\Debug\Obj\mainStr.o"   #
#                    "E:\Projects\OfficeWork\sanjesh afzar                    #
#                    asia\accelerometter\I2C_With_stm8\Debug\Obj\myiic.o"     #
#                    "E:\Projects\OfficeWork\sanjesh afzar                    #
#                    asia\accelerometter\I2C_With_stm8\Debug\Obj\stm8l15x_clk #
#                    .o" "E:\Projects\OfficeWork\sanjesh afzar                #
#                    asia\accelerometter\I2C_With_stm8\Debug\Obj\stm8l15x_dma #
#                    .o" "E:\Projects\OfficeWork\sanjesh afzar                #
#                    asia\accelerometter\I2C_With_stm8\Debug\Obj\stm8l15x_ext #
#                    i.o" "E:\Projects\OfficeWork\sanjesh afzar               #
#                    asia\accelerometter\I2C_With_stm8\Debug\Obj\stm8l15x_fla #
#                    sh.o" "E:\Projects\OfficeWork\sanjesh afzar              #
#                    asia\accelerometter\I2C_With_stm8\Debug\Obj\stm8l15x_gpi #
#                    o.o" "E:\Projects\OfficeWork\sanjesh afzar               #
#                    asia\accelerometter\I2C_With_stm8\Debug\Obj\stm8l15x_i2c #
#                    .o" "E:\Projects\OfficeWork\sanjesh afzar                #
#                    asia\accelerometter\I2C_With_stm8\Debug\Obj\stm8l15x_it. #
#                    o" "E:\Projects\OfficeWork\sanjesh afzar                 #
#                    asia\accelerometter\I2C_With_stm8\Debug\Obj\stm8l15x_rtc #
#                    .o" "E:\Projects\OfficeWork\sanjesh afzar                #
#                    asia\accelerometter\I2C_With_stm8\Debug\Obj\stm8l15x_spi #
#                    .o" "E:\Projects\OfficeWork\sanjesh afzar                #
#                    asia\accelerometter\I2C_With_stm8\Debug\Obj\stm8l15x_sys #
#                    cfg.o" "E:\Projects\OfficeWork\sanjesh afzar             #
#                    asia\accelerometter\I2C_With_stm8\Debug\Obj\stm8l15x_tim #
#                    1.o" "E:\Projects\OfficeWork\sanjesh afzar               #
#                    asia\accelerometter\I2C_With_stm8\Debug\Obj\stm8l15x_tim #
#                    4.o" "E:\Projects\OfficeWork\sanjesh afzar               #
#                    asia\accelerometter\I2C_With_stm8\Debug\Obj\stm8l15x_usa #
#                    rt.o" "E:\Projects\OfficeWork\sanjesh afzar              #
#                    asia\accelerometter\I2C_With_stm8\Debug\Obj\systemTick.o #
#                    " "E:\Projects\OfficeWork\sanjesh afzar                  #
#                    asia\accelerometter\I2C_With_stm8\Debug\Obj\time.o"      #
#                    "E:\Projects\OfficeWork\sanjesh afzar                    #
#                    asia\accelerometter\I2C_With_stm8\Debug\Obj\usart.o"     #
#                    --redirect _Printf=_PrintfFullNoMb --redirect            #
#                    _Scanf=_ScanfFullNoMb -o "E:\Projects\OfficeWork\sanjesh #
#                     afzar asia\accelerometter\I2C_With_stm8\Debug\Exe\laser #
#                    TagMain.out" --map "E:\Projects\OfficeWork\sanjesh       #
#                    afzar asia\accelerometter\I2C_With_stm8\Debug\List\laser #
#                    TagMain.map" --config "C:\Program Files (x86)\IAR        #
#                    Systems\Embedded Workbench 6.5\stm8\config\lnkstm8l151k6 #
#                    .icf" --config_def _CSTACK_SIZE=0x200 --config_def       #
#                    _HEAP_SIZE=0x200 --entry __iar_program_start --debug_lib #
#                                                                             #
#                                                                             #
###############################################################################

*******************************************************************************
*** RUNTIME MODEL ATTRIBUTES
***

__SystemLibrary            = DLib
__code_model               = small
__core                     = stm8
__data_model               = medium
__dlib_file_descriptor     = 0
__dlib_full_locale_support = 0
__rt_version               = 4


*******************************************************************************
*** PLACEMENT SUMMARY
***

"A1":  place at start of [0x000000-0x0000ff] { rw section .vregs };
"A2":  place at end of [0x000000-0x0007ff] { block CSTACK };
"P2":  place in [from 0x000000 to 0x0007ff] {
          block HEAP, rw section .far.bss, rw section .far.data,
          rw section .far.noinit, rw section .far_func.textrw,
          rw section .huge.bss, rw section .huge.data, rw section .huge.noinit,
          rw section .huge_func.textrw, rw section .iar.dynexit,
          rw section .near.bss, rw section .near.data, rw section .near.noinit,
          rw section .near_func.textrw };
"A3":  place at start of [0x008000-0x00ffff] { block INTVEC };
"P3":  place in [from 0x008000 to 0x00ffff] {
          ro section .far.data_init, ro section .far_func.textrw_init,
          ro section .huge.data_init, ro section .huge_func.textrw_init,
          ro section .iar.init_table, ro section .init_array,
          ro section .near.data_init, ro section .near.rodata,
          ro section .near_func.text, ro section .near_func.textrw_init,
          ro section .tiny.data_init, ro section .tiny.rodata_init };

  Section            Kind      Address    Size  Object
  -------            ----      -------    ----  ------
"A1":                                     0x10
  .vregs             uninit   0x000000    0x10  vregs.o [4]
                            - 0x000010    0x10

"P2", part 1 of 2:                         0x2
  P2 s0                       0x000010     0x2  <Init block>
    .near.data       inited   0x000010     0x1  Accelerometer.o [1]
    .near.data       inited   0x000011     0x1  Accelerometer.o [1]
                            - 0x000012     0x2

"P2", part 2 of 2:                        0x3a
  .near.bss          zero     0x000012    0x32  usart.o [1]
  .near.bss          zero     0x000044     0x4  systemTick.o [1]
  .near.bss          zero     0x000048     0x1  Accelerometer.o [1]
  .near.bss          zero     0x000049     0x1  usart.o [1]
  .near.bss          zero     0x00004a     0x1  usart.o [1]
  .near.bss          zero     0x00004b     0x1  usart.o [1]
                            - 0x00004c    0x3a

"A2":                                    0x200
  CSTACK                      0x000600   0x200  <Block>
    CSTACK           uninit   0x000600   0x200  <Block tail>
                            - 0x000800   0x200

"A3":                                     0x80
  INTVEC                      0x008000    0x80  <Block>
    .intvec          const    0x008000    0x80  interrupt.o [4]
                            - 0x008080    0x80

"P3":                                   0x1775
  .near_func.text    ro code  0x008080   0x266  Accelerometer.o [1]
  .near_func.text    ro code  0x0082e6   0x180  stm8l15x_exti.o [1]
  .near_func.text    ro code  0x008466   0x15c  stm8l15x_usart.o [1]
  .near_func.text    ro code  0x0085c2   0x140  stm8l15x_clk.o [1]
  .near_func.text    ro code  0x008702   0x115  usart.o [1]
  .near_func.text    ro code  0x008817   0x114  stm8l15x_gpio.o [1]
  .near_func.text    ro code  0x00892b   0x101  stm8l15x_usart.o [1]
  .near_func.text    ro code  0x008a2c    0xd1  vreg_util.o [4]
  .near_func.text    ro code  0x008afd    0x99  stm8l15x_tim1.o [1]
  .near_func.text    ro code  0x008b96    0x96  stm8l15x_exti.o [1]
  .near_func.text    ro code  0x008c2c    0x8b  long.o [4]
  .near_func.text    ro code  0x008cb7    0x84  stm8l15x_usart.o [1]
  .near_func.text    ro code  0x008d3b    0x7a  stm8l15x_clk.o [1]
  .near_func.text    ro code  0x008db5    0x77  stm8l15x_exti.o [1]
  .near.rodata       const    0x008e2c    0x6d  stm8l15x_usart.o [1]
  .near_func.text    ro code  0x008e99    0x6d  myiic.o [1]
  .near.rodata       const    0x008f06    0x6c  stm8l15x_exti.o [1]
  .near.rodata       const    0x008f72    0x6c  stm8l15x_gpio.o [1]
  .near.rodata       const    0x008fde    0x6c  stm8l15x_tim1.o [1]
  .near.rodata       const    0x00904a    0x6b  stm8l15x_clk.o [1]
  .near_func.text    ro code  0x0090b5    0x6a  myiic.o [1]
  .near_func.text    ro code  0x00911f    0x66  stm8l15x_tim1.o [1]
  .near_func.text    ro code  0x009185    0x5c  stm8l15x_gpio.o [1]
  .near_func.text    ro code  0x0091e1    0x55  Accelerometer.o [1]
  .near_func.text    ro code  0x009236    0x55  myiic.o [1]
  .near_func.text    ro code  0x00928b    0x52  usart.o [1]
  .near_func.text    ro code  0x0092dd    0x4e  stm8l15x_tim1.o [1]
  .near_func.text    ro code  0x00932b    0x4a  stm8l15x_clk.o [1]
  .near_func.text    ro code  0x009375    0x3e  stm8l15x_usart.o [1]
  .near_func.text    ro code  0x0093b3    0x38  myiic.o [1]
  .near_func.text    ro code  0x0093eb    0x38  myiic.o [1]
  .near_func.text    ro code  0x009423    0x38  myiic.o [1]
  .near_func.text    ro code  0x00945b    0x38  myiic.o [1]
  .near_func.text    ro code  0x009493    0x38  stm8l15x_tim1.o [1]
  .near_func.text    ro code  0x0094cb    0x34  stm8l15x_clk.o [1]
  .near_func.text    ro code  0x0094ff    0x2f  stm8l15x_clk.o [1]
  .near_func.text    ro code  0x00952e    0x2f  stm8l15x_tim1.o [1]
  .near_func.text    ro code  0x00955d    0x2d  stm8l15x_usart.o [1]
  .near_func.text    ro code  0x00958a    0x2c  systemTick.o [1]
  .near_func.text    ro code  0x0095b6    0x28  myiic.o [1]
  .near_func.text    ro code  0x0095de    0x28  init_small.o [4]
  .near_func.text    ro code  0x009606    0x22  stm8l15x_tim1.o [1]
  .near_func.text    ro code  0x009628    0x21  stm8l15x_exti.o [1]
  .near_func.text    ro code  0x009649    0x21  stm8l15x_usart.o [1]
  .iar.init_table    const    0x00966a    0x12  - Linker created -
  .near_func.text    ro code  0x00967c    0x1e  init_small.o [4]
  .near_func.text    ro code  0x00969a    0x1d  main.o [1]
  .near_func.text    ro code  0x0096b7    0x1c  stm8l15x_it.o [1]
  .near_func.text    ro code  0x0096d3    0x1b  stm8l15x_it.o [1]
  .near_func.text    ro code  0x0096ee    0x1a  long_util.o [4]
  .near_func.text    ro code  0x009708    0x17  init.o [4]
  .near_func.text    ro code  0x00971f    0x16  delay.o [1]
  .near_func.text    ro code  0x009735    0x16  main.o [1]
  .near_func.text    ro code  0x00974b    0x16  stm8l15x_it.o [1]
  .near_func.text    ro code  0x009761    0x14  short.o [4]
  .near_func.text    ro code  0x009775    0x14  __dbg_xxexit.o [3]
  .near_func.text    ro code  0x009789    0x13  cstartup.o [4]
  .near_func.text    ro code  0x00979c     0xf  systemTick.o [1]
  .near.rodata       const    0x0097ab     0x5  stm8l15x_clk.o [1]
  .near_func.text    ro code  0x0097b0     0x5  cexit.o [4]
  .near_func.text    ro code  0x0097b5     0x4  stm8l15x_clk.o [1]
  .near_func.text    ro code  0x0097b9     0x4  stm8l15x_gpio.o [1]
  .near_func.text    ro code  0x0097bd     0x3  stm8l15x_gpio.o [1]
  .near_func.text    ro code  0x0097c0     0x3  stm8l15x_gpio.o [1]
  .near_func.text    ro code  0x0097c3     0x3  stm8l15x_usart.o [1]
  .near_func.text    ro code  0x0097c6     0x3  stm8l15x_usart.o [1]
  .near_func.text    ro code  0x0097c9     0x3  interrupt.o [4]
  .near_func.text    ro code  0x0097cc     0x3  low_level_init.o [4]
  .near_func.text    ro code  0x0097cf     0x3  exit.o [4]
  .near_func.text    ro code  0x0097d2     0x3  unhandled_exception.o [4]
  .near_func.text    ro code  0x0097d5     0x2  main.o [1]
  .near_func.text    ro code  0x0097d7     0x1  stm8l15x_it.o [1]
  .near_func.text    ro code  0x0097d8     0x1  stm8l15x_it.o [1]
  .near_func.text    ro code  0x0097d9     0x1  stm8l15x_it.o [1]
  .near_func.text    ro code  0x0097da     0x1  stm8l15x_it.o [1]
  .near_func.text    ro code  0x0097db     0x1  stm8l15x_it.o [1]
  .near_func.text    ro code  0x0097dc     0x1  stm8l15x_it.o [1]
  .near_func.text    ro code  0x0097dd     0x1  stm8l15x_it.o [1]
  .near_func.text    ro code  0x0097de     0x1  stm8l15x_it.o [1]
  .near_func.text    ro code  0x0097df     0x1  stm8l15x_it.o [1]
  .near_func.text    ro code  0x0097e0     0x1  stm8l15x_it.o [1]
  .near_func.text    ro code  0x0097e1     0x1  stm8l15x_it.o [1]
  .near_func.text    ro code  0x0097e2     0x1  stm8l15x_it.o [1]
  .near_func.text    ro code  0x0097e3     0x1  stm8l15x_it.o [1]
  .near_func.text    ro code  0x0097e4     0x1  stm8l15x_it.o [1]
  .near_func.text    ro code  0x0097e5     0x1  stm8l15x_it.o [1]
  .near_func.text    ro code  0x0097e6     0x1  stm8l15x_it.o [1]
  .near_func.text    ro code  0x0097e7     0x1  stm8l15x_it.o [1]
  .near_func.text    ro code  0x0097e8     0x1  stm8l15x_it.o [1]
  .near_func.text    ro code  0x0097e9     0x1  stm8l15x_it.o [1]
  .near_func.text    ro code  0x0097ea     0x1  stm8l15x_it.o [1]
  .near_func.text    ro code  0x0097eb     0x1  stm8l15x_it.o [1]
  .near_func.text    ro code  0x0097ec     0x1  stm8l15x_it.o [1]
  .near_func.text    ro code  0x0097ed     0x1  stm8l15x_it.o [1]
  .near_func.text    ro code  0x0097ee     0x1  stm8l15x_it.o [1]
  .near_func.text    ro code  0x0097ef     0x1  stm8l15x_it.o [1]
  .near_func.text    ro code  0x0097f0     0x1  stm8l15x_it.o [1]
  .near_func.text    ro code  0x0097f1     0x1  stm8l15x_it.o [1]
  .near_func.text    ro code  0x0097f2     0x1  __dbg_break.o [3]
  Initializer bytes  ro data  0x0097f3     0x2  <for P2 s0>
                            - 0x0097f5  0x1775


*******************************************************************************
*** INIT TABLE
***

          Address   Size
          -------   ----
Zero (__iar_zero_init2)
    1 destination range, total size 0x3a:
          0x000012  0x3a

Copy (__iar_copy_init2)
    1 source range, total size 0x2:
          0x0097f3   0x2
    1 destination range, total size 0x2:
          0x000010   0x2



*******************************************************************************
*** MODULE SUMMARY
***

    Module                 ro code  ro data  rw data
    ------                 -------  -------  -------
E:\Projects\OfficeWork\sanjesh afzar asia\accelerometter\I2C_With_stm8\Debug\Obj: [1]
    Accelerometer.o            699        2        3
    delay.o                     22
    main.o                      53
    myiic.o                    564
    stm8l15x_clk.o             619      112
    stm8l15x_exti.o            686      108
    stm8l15x_gpio.o            378      108
    stm8l15x_it.o              104
    stm8l15x_tim1.o            470      108
    stm8l15x_usart.o           883      109
    systemTick.o                59                 4
    usart.o                    359                53
    ------------------------------------------------
    Total:                   4 896      547       60

command line: [2]
    ------------------------------------------------
    Total:

dbgstm8smd.a: [3]
    __dbg_break.o                1
    __dbg_xxexit.o              20
    ------------------------------------------------
    Total:                      21

dlstm8smn.a: [4]
    cexit.o                      5
    cstartup.o                  19
    exit.o                       3
    init.o                      23
    init_small.o                70
    interrupt.o                  3      128
    long.o                     139
    long_util.o                 26
    low_level_init.o             3
    short.o                     20
    unhandled_exception.o        3
    vreg_util.o                209
    vregs.o                                       16
    ------------------------------------------------
    Total:                     523      128       16

    Linker created                       18      512
----------------------------------------------------
    Grand Total:             5 440      693      588


*******************************************************************************
*** ENTRY LIST
***

Entry                    Address   Size  Type      Object
-----                    -------   ----  ----      ------
?b0                     0x000000         Data  Gb  vregs.o [4]
?b1                     0x000001         Data  Gb  vregs.o [4]
?b10                    0x00000a         Data  Gb  vregs.o [4]
?b11                    0x00000b         Data  Gb  vregs.o [4]
?b12                    0x00000c         Data  Gb  vregs.o [4]
?b13                    0x00000d         Data  Gb  vregs.o [4]
?b14                    0x00000e         Data  Gb  vregs.o [4]
?b15                    0x00000f         Data  Gb  vregs.o [4]
?b2                     0x000002         Data  Gb  vregs.o [4]
?b3                     0x000003         Data  Gb  vregs.o [4]
?b4                     0x000004         Data  Gb  vregs.o [4]
?b5                     0x000005         Data  Gb  vregs.o [4]
?b6                     0x000006         Data  Gb  vregs.o [4]
?b7                     0x000007         Data  Gb  vregs.o [4]
?b8                     0x000008         Data  Gb  vregs.o [4]
?b9                     0x000009         Data  Gb  vregs.o [4]
?e0                     0x000001         Data  Gb  vregs.o [4]
?e1                     0x000005         Data  Gb  vregs.o [4]
?e2                     0x000009         Data  Gb  vregs.o [4]
?e3                     0x00000d         Data  Gb  vregs.o [4]
?epilogue_l2            0x008ac7         Code  Gb  vreg_util.o [4]
?epilogue_l2_l3         0x008ac4         Code  Gb  vreg_util.o [4]
?epilogue_l2_w6         0x008acb         Code  Gb  vreg_util.o [4]
?epilogue_w4            0x008ad2         Code  Gb  vreg_util.o [4]
?inc32_0x_0x            0x008c31         Code  Gb  long.o [4]
?inc32_l0_l0            0x008c2c         Code  Gb  long.o [4]
?l0                     0x000000         Data  Gb  vregs.o [4]
?l1                     0x000004         Data  Gb  vregs.o [4]
?l2                     0x000008         Data  Gb  vregs.o [4]
?l3                     0x00000c         Data  Gb  vregs.o [4]
?load32_0x_l0           0x0096fa         Code  Gb  long_util.o [4]
?load32_l0_0x           0x0096ee         Code  Gb  long_util.o [4]
?mov_e0_e2              0x008ad9         Code  Gb  vreg_util.o [4]
?mov_e1_e3              0x008ae6         Code  Gb  vreg_util.o [4]
?mov_e3_e0              0x008af3         Code  Gb  vreg_util.o [4]
?mov_l0_l2              0x008ad6         Code  Gb  vreg_util.o [4]
?mov_l1_l3              0x008ae3         Code  Gb  vreg_util.o [4]
?mov_l3_l0              0x008af0         Code  Gb  vreg_util.o [4]
?mov_w1_w5              0x008adc         Code  Gb  vreg_util.o [4]
?mov_w3_w7              0x008ae9         Code  Gb  vreg_util.o [4]
?mov_w7_w1              0x008af6         Code  Gb  vreg_util.o [4]
?pop_l0                 0x008a90         Code  Gb  vreg_util.o [4]
?pop_l1                 0x008a9b         Code  Gb  vreg_util.o [4]
?pop_l2                 0x008aa6         Code  Gb  vreg_util.o [4]
?pop_l3                 0x008ab1         Code  Gb  vreg_util.o [4]
?pop_w4                 0x008a49         Code  Gb  vreg_util.o [4]
?pop_w6                 0x008a50         Code  Gb  vreg_util.o [4]
?push_l0                0x008a5f         Code  Gb  vreg_util.o [4]
?push_l1                0x008a64         Code  Gb  vreg_util.o [4]
?push_l2                0x008a69         Code  Gb  vreg_util.o [4]
?push_l3                0x008a6e         Code  Gb  vreg_util.o [4]
?push_w4                0x008a2c         Code  Gb  vreg_util.o [4]
?push_w6                0x008a31         Code  Gb  vreg_util.o [4]
?sext16_x_a             0x00976e         Code  Gb  short.o [4]
?sll16_x_x_a            0x009761         Code  Gb  short.o [4]
?srl16_x_x_4            0x009769         Code  Gb  short.o [4]
?ucmp32_c_l0_l1         0x008cac         Code  Gb  long.o [4]
?udiv32_l0_l0_l1        0x008c3f         Code  Gb  long.o [4]
?umod32_l1_l0_l1        0x008c3f         Code  Gb  long.o [4]
?w0                     0x000000         Data  Gb  vregs.o [4]
?w1                     0x000002         Data  Gb  vregs.o [4]
?w2                     0x000004         Data  Gb  vregs.o [4]
?w3                     0x000006         Data  Gb  vregs.o [4]
?w4                     0x000008         Data  Gb  vregs.o [4]
?w5                     0x00000a         Data  Gb  vregs.o [4]
?w6                     0x00000c         Data  Gb  vregs.o [4]
?w7                     0x00000e         Data  Gb  vregs.o [4]
ADC1_COMP_IRQHandler    0x0097e8    0x1  Code  Gb  stm8l15x_it.o [1]
CLK_GetClockFreq        0x008d3b   0x7a  Code  Gb  stm8l15x_clk.o [1]
CLK_GetSYSCLKSource     0x0097b5    0x4  Code  Gb  stm8l15x_clk.o [1]
CLK_PeripheralClockConfig
                        0x0085c2  0x140  Code  Gb  stm8l15x_clk.o [1]
CLK_SYSCLKDivConfig     0x00932b   0x4a  Code  Gb  stm8l15x_clk.o [1]
CLK_SYSCLKSourceConfig  0x0094cb   0x34  Code  Gb  stm8l15x_clk.o [1]
CLK_SYSCLKSourceSwitchCmd
                        0x0094ff   0x2f  Code  Gb  stm8l15x_clk.o [1]
CSTACK$$Base            0x000600          --   Gb  - Linker created -
CSTACK$$Limit           0x000800          --   Gb  - Linker created -
DMA1_CHANNEL0_1_IRQHandler
                        0x0097d9    0x1  Code  Gb  stm8l15x_it.o [1]
DMA1_CHANNEL2_3_IRQHandler
                        0x0097da    0x1  Code  Gb  stm8l15x_it.o [1]
DelayUs                 0x00971f   0x16  Code  Gb  delay.o [1]
EXTI0_IRQHandler        0x0097df    0x1  Code  Gb  stm8l15x_it.o [1]
EXTI1_IRQHandler        0x0097e0    0x1  Code  Gb  stm8l15x_it.o [1]
EXTI2_IRQHandler        0x0097e1    0x1  Code  Gb  stm8l15x_it.o [1]
EXTI3_IRQHandler        0x0097e2    0x1  Code  Gb  stm8l15x_it.o [1]
EXTI4_IRQHandler        0x0096b7   0x1c  Code  Gb  stm8l15x_it.o [1]
EXTI5_IRQHandler        0x0097e3    0x1  Code  Gb  stm8l15x_it.o [1]
EXTI6_IRQHandler        0x0097e4    0x1  Code  Gb  stm8l15x_it.o [1]
EXTI7_IRQHandler        0x0097e5    0x1  Code  Gb  stm8l15x_it.o [1]
EXTIB_G_IRQHandler      0x0097dd    0x1  Code  Gb  stm8l15x_it.o [1]
EXTID_H_IRQHandler      0x0097de    0x1  Code  Gb  stm8l15x_it.o [1]
EXTIE_F_PVD_IRQHandler  0x0097dc    0x1  Code  Gb  stm8l15x_it.o [1]
EXTI_ClearITPendingBit  0x008b96   0x96  Code  Gb  stm8l15x_exti.o [1]
EXTI_DeInit             0x009628   0x21  Code  Gb  stm8l15x_exti.o [1]
EXTI_SelectPort         0x008db5   0x77  Code  Gb  stm8l15x_exti.o [1]
EXTI_SetPinSensitivity  0x0082e6  0x180  Code  Gb  stm8l15x_exti.o [1]
FF_MTIrqHandeler        0x008150   0x21  Code  Gb  Accelerometer.o [1]
FLASH_IRQHandler        0x0097d8    0x1  Code  Gb  stm8l15x_it.o [1]
GPIO_ExternalPullUpConfig
                        0x009185   0x5c  Code  Gb  stm8l15x_gpio.o [1]
GPIO_Init               0x008817  0x114  Code  Gb  stm8l15x_gpio.o [1]
GPIO_ReadInputDataBit   0x0097c0    0x3  Code  Gb  stm8l15x_gpio.o [1]
GPIO_ResetBits          0x0097b9    0x4  Code  Gb  stm8l15x_gpio.o [1]
GPIO_SetBits            0x0097bd    0x3  Code  Gb  stm8l15x_gpio.o [1]
I2C1_SPI2_IRQHandler    0x0097f1    0x1  Code  Gb  stm8l15x_it.o [1]
IIC_Ack                 0x009423   0x38  Code  Gb  myiic.o [1]
IIC_Init                0x0095b6   0x28  Code  Gb  myiic.o [1]
IIC_NAck                0x00945b   0x38  Code  Gb  myiic.o [1]
IIC_Read_Byte           0x0090b5   0x6a  Code  Gb  myiic.o [1]
IIC_Send_Byte           0x008e99   0x6d  Code  Gb  myiic.o [1]
IIC_Start               0x0093b3   0x38  Code  Gb  myiic.o [1]
IIC_Stop                0x0093eb   0x38  Code  Gb  myiic.o [1]
IIC_Wait_Ack            0x009236   0x55  Code  Gb  myiic.o [1]
INTVEC$$Base            0x008000          --   Gb  - Linker created -
INTVEC$$Limit           0x008080          --   Gb  - Linker created -
LCD_AES_IRQHandler      0x0097e6    0x1  Code  Gb  stm8l15x_it.o [1]
MainClkInit             0x009735   0x16  Code  Gb  main.o [1]
PrintNum                0x008702   0x6a  Code  Gb  usart.o [1]
RTC_CSSLSE_IRQHandler   0x0097db    0x1  Code  Gb  stm8l15x_it.o [1]
Region$$Table$$Base     0x00966a          --   Gb  - Linker created -
Region$$Table$$Limit    0x00967c          --   Gb  - Linker created -
SPI1_IRQHandler         0x0097ef    0x1  Code  Gb  stm8l15x_it.o [1]
SWITCH_CSS_BREAK_DAC_IRQHandler
                        0x0097e7    0x1  Code  Gb  stm8l15x_it.o [1]
SYSDivFactor            0x0097ab    0x5  Data  Gb  stm8l15x_clk.o [1]
SystemTickInit          0x00958a   0x2c  Code  Gb  systemTick.o [1]
SystemTickIrqHandeler   0x00979c    0xf  Code  Gb  systemTick.o [1]
TIM1_CC_IRQHandler      0x0097ed    0x1  Code  Gb  stm8l15x_it.o [1]
TIM1_ClearFlag          0x009493   0x38  Code  Gb  stm8l15x_tim1.o [1]
TIM1_ClearITPendingBit  0x009606   0x22  Code  Gb  stm8l15x_tim1.o [1]
TIM1_Cmd                0x00952e   0x2f  Code  Gb  stm8l15x_tim1.o [1]
TIM1_DeInit             0x008afd   0x99  Code  Gb  stm8l15x_tim1.o [1]
TIM1_ITConfig           0x0092dd   0x4e  Code  Gb  stm8l15x_tim1.o [1]
TIM1_TimeBaseInit       0x00911f   0x66  Code  Gb  stm8l15x_tim1.o [1]
TIM1_UPD_OVF_TRG_COM_IRQHandler
                        0x0096d3   0x1b  Code  Gb  stm8l15x_it.o [1]
TIM2_CC_USART2_RX_IRQHandler
                        0x0097ea    0x1  Code  Gb  stm8l15x_it.o [1]
TIM2_UPD_OVF_TRG_BRK_USART2_TX_IRQHandler
                        0x0097e9    0x1  Code  Gb  stm8l15x_it.o [1]
TIM3_CC_USART3_RX_IRQHandler
                        0x0097ec    0x1  Code  Gb  stm8l15x_it.o [1]
TIM3_UPD_OVF_TRG_BRK_USART3_TX_IRQHandler
                        0x0097eb    0x1  Code  Gb  stm8l15x_it.o [1]
TIM4_UPD_OVF_TRG_IRQHandler
                        0x0097ee    0x1  Code  Gb  stm8l15x_it.o [1]
TRAP_IRQHandler         0x0097d7    0x1  Code  Gb  stm8l15x_it.o [1]
Transition_Detect       0x008080   0x88  Code  Gb  Accelerometer.o [1]
Transition_WithIntrrupt
                        0x008108   0x48  Code  Gb  Accelerometer.o [1]
USART1_RX_TIM5_CC_IRQHandler
                        0x00974b   0x16  Code  Gb  stm8l15x_it.o [1]
USART1_TX_TIM5_UPD_OVF_TRG_BRK_IRQHandler
                        0x0097f0    0x1  Code  Gb  stm8l15x_it.o [1]
USART_ClearFlag         0x00955d   0x2d  Code  Gb  stm8l15x_usart.o [1]
USART_Cmd               0x009649   0x21  Code  Gb  stm8l15x_usart.o [1]
USART_DeInit            0x009375   0x3e  Code  Gb  stm8l15x_usart.o [1]
USART_GetFlagStatus     0x008cb7   0x84  Code  Gb  stm8l15x_usart.o [1]
USART_ITConfig          0x00892b  0x101  Code  Gb  stm8l15x_usart.o [1]
USART_Init              0x008466  0x15c  Code  Gb  stm8l15x_usart.o [1]
USART_ReceiveData8      0x0097c3    0x3  Code  Gb  stm8l15x_usart.o [1]
USART_SendData8         0x0097c6    0x3  Code  Gb  stm8l15x_usart.o [1]
UsartInit               0x00928b   0x52  Code  Gb  usart.o [1]
UsartRxIrqHandeler      0x00876c   0x96  Code  Gb  usart.o [1]
UsartSendData           0x008802   0x15  Code  Gb  usart.o [1]
__DebugBreak            0x0097f2    0x1  Code  Gb  __dbg_break.o [3]
__exit                  0x009775   0x14  Code  Gb  __dbg_xxexit.o [3]
__iar_copy_init2        0x0095de         Code  Gb  init_small.o [4]
__iar_data_init2        0x009708   0x17  Code  Gb  init.o [4]
__iar_program_start     0x009789         Code  Gb  cstartup.o [4]
__iar_unhandled_exception
                        0x0097d2         Code  Gb  unhandled_exception.o [4]
__iar_zero_init2        0x00967c         Code  Gb  init_small.o [4]
__intvec                0x008000         Data  Gb  interrupt.o [4]
__low_level_init        0x0097cc    0x3  Code  Gb  low_level_init.o [4]
_exit                   0x0097b0         Code  Gb  cexit.o [4]
_interrupt_1            0x0097d7         Code  Gb  stm8l15x_it.o [1]
_interrupt_10           0x0097df         Code  Gb  stm8l15x_it.o [1]
_interrupt_11           0x0097e0         Code  Gb  stm8l15x_it.o [1]
_interrupt_12           0x0097e1         Code  Gb  stm8l15x_it.o [1]
_interrupt_13           0x0097e2         Code  Gb  stm8l15x_it.o [1]
_interrupt_14           0x0096b7         Code  Gb  stm8l15x_it.o [1]
_interrupt_15           0x0097e3         Code  Gb  stm8l15x_it.o [1]
_interrupt_16           0x0097e4         Code  Gb  stm8l15x_it.o [1]
_interrupt_17           0x0097e5         Code  Gb  stm8l15x_it.o [1]
_interrupt_18           0x0097e6         Code  Gb  stm8l15x_it.o [1]
_interrupt_19           0x0097e7         Code  Gb  stm8l15x_it.o [1]
_interrupt_2            0x0097c9         Code  Wk  interrupt.o [4]
_interrupt_20           0x0097e8         Code  Gb  stm8l15x_it.o [1]
_interrupt_21           0x0097e9         Code  Gb  stm8l15x_it.o [1]
_interrupt_22           0x0097ea         Code  Gb  stm8l15x_it.o [1]
_interrupt_23           0x0097eb         Code  Gb  stm8l15x_it.o [1]
_interrupt_24           0x0097ec         Code  Gb  stm8l15x_it.o [1]
_interrupt_25           0x0096d3         Code  Gb  stm8l15x_it.o [1]
_interrupt_26           0x0097ed         Code  Gb  stm8l15x_it.o [1]
_interrupt_27           0x0097ee         Code  Gb  stm8l15x_it.o [1]
_interrupt_28           0x0097ef         Code  Gb  stm8l15x_it.o [1]
_interrupt_29           0x0097f0         Code  Gb  stm8l15x_it.o [1]
_interrupt_3            0x0097d8         Code  Gb  stm8l15x_it.o [1]
_interrupt_30           0x00974b         Code  Gb  stm8l15x_it.o [1]
_interrupt_31           0x0097f1         Code  Gb  stm8l15x_it.o [1]
_interrupt_4            0x0097d9         Code  Gb  stm8l15x_it.o [1]
_interrupt_5            0x0097da         Code  Gb  stm8l15x_it.o [1]
_interrupt_6            0x0097db         Code  Gb  stm8l15x_it.o [1]
_interrupt_7            0x0097dc         Code  Gb  stm8l15x_it.o [1]
_interrupt_8            0x0097dd         Code  Gb  stm8l15x_it.o [1]
_interrupt_9            0x0097de         Code  Gb  stm8l15x_it.o [1]
active                  0x0081ee    0xe  Code  Gb  Accelerometer.o [1]
assert_failed           0x0097d5    0x2  Code  Gb  main.o [1]
bUsartCommaCounter      0x00004a    0x1  Data  Gb  usart.o [1]
bUsartDataRxCounter     0x00004b    0x1  Data  Gb  usart.o [1]
bUsartRxData            0x000012   0x32  Data  Gb  usart.o [1]
bUsartRxDataFlag        0x000049    0x1  Data  Gb  usart.o [1]
exit                    0x0097cf    0x3  Code  Gb  exit.o [4]
fsr                     0x000010    0x1  Data  Gb  Accelerometer.o [1]
iSystemTickSCounter     0x000044    0x4  Data  Gb  systemTick.o [1]
init                    0x0091e1   0x55  Code  Gb  Accelerometer.o [1]
main                    0x00969a   0x1d  Code  Gb  main.o [1]
odr                     0x000011    0x1  Data  Gb  Accelerometer.o [1]
readRegister            0x0081b1   0x3d  Code  Gb  Accelerometer.o [1]
scale                   0x000048    0x1  Data  Gb  Accelerometer.o [1]
setODR                  0x00829f   0x24  Code  Gb  Accelerometer.o [1]
setScale                0x0082c3   0x23  Code  Gb  Accelerometer.o [1]
setupPL                 0x00820a   0x17  Code  Gb  Accelerometer.o [1]
setupTap                0x008221   0x7e  Code  Gb  Accelerometer.o [1]
standby                 0x0081fc    0xe  Code  Gb  Accelerometer.o [1]
writeRegister           0x008171   0x40  Code  Gb  Accelerometer.o [1]


[1] = E:\Projects\OfficeWork\sanjesh afzar asia\accelerometter\I2C_With_stm8\Debug\Obj
[2] = command line
[3] = dbgstm8smd.a
[4] = dlstm8smn.a

  5 440 bytes of readonly  code memory
    693 bytes of readonly  data memory
    588 bytes of readwrite data memory

Errors: none
Warnings: none
